<html>
<head><title>CheckGroupTestPage4</title></head>
<body>
	<form wicket:id="form" id="forma" method="post" action="./org.apache.wicket.markup.html.form.CheckGroupTestPage4?3-1.-form"><div id="forma_hf_0" hidden="" class="hidden-fields"></div>
		
			<input type="checkbox" wicket:id="check1" id="check1b" name="group" value="check0" checked="checked">check1</input>
			<span wicket:id="container">
				<input type="checkbox" wicket:id="check2" id="check2c" name="group" value="check1" checked="checked">check2</input>
			</span>
		
	</form>
</body>
</html>
