<html>
<body>
  <form wicket:id="form" id="form1" method="post" action="./page?0-1.-form"><div id="form1_hf_0" hidden="" class="hidden-fields"></div>
    <select wicket:id="dropdown" name="dropdown">
<option selected="selected" value="">Choose One</option>
<option value="0">A</option>
<option value="1">B</option>
<option value="2">C</option>
</select>
  </form>
</body>
</html>