<html>
<body>
	<form wicket:id="formpost" id="formpost1" method="post" action="./org.apache.wicket.markup.html.form.FormMethodTestPage?0-1.-formpost"><div id="formpost1_hf_0" hidden="" class="hidden-fields"></div></form>
	<form wicket:id="formget" id="formget2" method="get" action="./org.apache.wicket.markup.html.form.FormMethodTestPage"><div id="formget2_hf_0" hidden="" class="hidden-fields"><input type="hidden" name="0-1.-formget" value="" /></div></form>
</body>
</html>
