<html><body><form wicket:id="outerForm" id="outerForm1" method="post" action="./page?0-1.-outerForm"><div id="outerForm1_hf_0" hidden="" class="hidden-fields"></div>  <input type="submit" wicket:id="outerSubmit" name="outerSubmit" id="outerSubmit2"/>  <div id="innerForm3" hidden="" data-wicket-placeholder=""></div></form></body></html>