<html>
<body>
	<form wicket:id="formpost" id="formpost1" method="post" action="./org.apache.wicket.markup.html.form.FormMethodTestPage?0-1.-formpost&amp;first=foo&amp;second=bar"><div id="formpost1_hf_0" hidden="" class="hidden-fields"></div></form>
	<form wicket:id="formget" id="formget2" method="get" action="./org.apache.wicket.markup.html.form.FormMethodTestPage"><div id="formget2_hf_0" hidden="" class="hidden-fields"><input type="hidden" name="0-1.-formget" value="" /><input type="hidden" name="first" value="foo" /><input type="hidden" name="second" value="bar" /></div></form>
</body>
</html>
