<html>
	<head><script type="text/javascript" src="../resource/org.apache.wicket.resource.JQueryResourceReference/jquery/jquery-1.12.3.js"></script>
<script type="text/javascript" src="../resource/org.apache.wicket.ajax.AbstractDefaultAjaxBehavior/res/js/wicket-event-jquery.js"></script>
<script type="text/javascript" src="../resource/org.apache.wicket.ajax.AbstractDefaultAjaxBehavior/res/js/wicket-ajax-jquery.js"></script>
<script type="text/javascript" src="../resource/org.apache.wicket.ajax.AbstractDefaultAjaxBehavior/res/js/wicket-ajax-jquery-debug.js"></script>
<script type="text/javascript" id="wicket-ajax-debug-enable">
/*<![CDATA[*/
Wicket.Ajax.DebugWindow.enabled=true;
/*]]>*/
</script>
<script type="text/javascript" id="wicket-ajax-base-url">
/*<![CDATA[*/
Wicket.Ajax.baseUrl="wicket/bookmarkable/org.apache.wicket.ajax.form.OnChangeAjaxBehaviorTestPage?0";
/*]]>*/
</script>
<script type="text/javascript" >
/*<![CDATA[*/
Wicket.Event.add(window, "domready", function(event) { 
Wicket.Ajax.ajax({"u":"./org.apache.wicket.ajax.form.OnChangeAjaxBehaviorTestPage?0-1.IBehaviorListener.0-form-field","m":"POST","c":"field1","e":"inputchange change"});;
Wicket.Ajax.ajax({"u":"./org.apache.wicket.ajax.form.OnChangeAjaxBehaviorTestPage?0-1.IBehaviorListener.0-form-dropDown","m":"POST","c":"dropDown2","e":"change"});;
Wicket.Event.publish(Wicket.Event.Topic.AJAX_HANDLERS_BOUND);
;});
/*]]>*/
</script>
</head><body>
		<form wicket:id="form" id="form3" method="post" action="./org.apache.wicket.ajax.form.OnChangeAjaxBehaviorTestPage?0-1.IFormSubmitListener-form"><div style="width:0px;height:0px;position:absolute;left:-100px;top:-100px;overflow:hidden"><input type="hidden" name="form3_hf_0" id="form3_hf_0" /></div>
			<input type="text" wicket:id="field" value="" name="field" id="field1"/>
	
			<select wicket:id="dropDown" name="dropDown" id="dropDown2">
<option selected="selected" value="">Choose One</option>
</select>
		</form>			
	</body>
</html>