<html>
<body>
<form wicket:id="form" id="form1" method="post" action="./org.apache.wicket.stateless.StatelessPageWithForm?-1.IFormSubmitListener-form&amp;first=foo&amp;second=bar"><div style="width:0px;height:0px;position:absolute;left:-100px;top:-100px;overflow:hidden"><input type="hidden" name="form1_hf_0" id="form1_hf_0" /></div></form>
</body>
</html>