<head><title>x</title>
<title>y</title>
</head><body>
	<div wicket:id="a"></div>

	<div wicket:id="b">
		<div wicket:id="c"></div>
	</div>
</body>
