<html>
<body>
<span wicket:id="testlabel">A test label from a resource bundle</span>
<span wicket:id="testlabelWithDefault">A test label from a resource bundle</span>
<span wicket:id="otherlabel">A test label from a resource bundle</span>
</body>
</html>
