<html>
<body>
Een variatie op m'n stijl
</body>
</html>
