<html><body><span wicket:id="label"><img alt="logo" src="../logo.png"><br>Some text<br>Some more text</span></body></html>