<html><head>
Rendering header contribution for component with id: comp1
Rendering header contribution for component with id: comp2</head><body><div wicket:id="comp1"></div><div wicket:id="comp2"></div></body></html>