<html>
<body>
  <form wicket:id="form" id="form1" method="post" action="./page?0-1.-form"><div style="width:0px;height:0px;position:absolute;left:-100px;top:-100px;overflow:hidden"><input type="hidden" name="form1_hf_0" id="form1_hf_0" /></div>
    <select wicket:id="dropdown" name="dropdown">
<option selected="selected" value="">Choose One</option>
<option value="0">A</option>
<option value="1">B</option>
<option value="2">C</option>
</select>
  </form>
</body>
</html>