<html>
<body>
  <form wicket:id="form" id="form1" method="post" action="./page?0-1.-form"><div id="form1_hf_0" style="width:0px;height:0px;position:absolute;left:-100px;top:-100px;overflow:hidden" class="hidden-fields"><input type="hidden" name="0-1.-form" value="" /></div>
    <select wicket:id="dropdown" name="dropdown">
<option value=""></option>
<option selected="selected" value="0">A</option>
<option value="1">B</option>
<option value="2">C</option>
</select>
  </form>
</body>
</html>