<html><body><form wicket:id="outerForm" id="outerForm1" method="post" action="./page?0-1.-outerForm"><div id="outerForm1_hf_0" style="width:0px;height:0px;position:absolute;left:-100px;top:-100px;overflow:hidden" class="hidden-fields"><input type="hidden" name="0-1.-outerForm" value="" /></div>  <input type="submit" wicket:id="outerSubmit" name="outerSubmit" id="outerSubmit2"/>  <div id="innerForm3" style="display:none" data-wicket-placeholder=""></div></form></body></html>