<html>
<body>
	<form wicket:id="formpost" id="formpost1" method="post" action="./org.apache.wicket.markup.html.form.FormMethodTestPage?0-1.-formpost&amp;first=foo&amp;second=bar"><div style="width:0px;height:0px;position:absolute;left:-100px;top:-100px;overflow:hidden"><input type="hidden" name="formpost1_hf_0" id="formpost1_hf_0" /></div></form>
	<form wicket:id="formget" id="formget2" method="get" action="./org.apache.wicket.markup.html.form.FormMethodTestPage"><div style="width:0px;height:0px;position:absolute;left:-100px;top:-100px;overflow:hidden"><input type="hidden" name="formget2_hf_0" id="formget2_hf_0" /><input type="hidden" name="0-1.-formget" value="" /><input type="hidden" name="first" value="foo" /><input type="hidden" name="second" value="bar" /></div></form>
</body>
</html>
