<html>
<head><title>RadioGroupTestPage1</title></head>
<body>
	<form wicket:id="form" id="form1" method="post" action="./org.apache.wicket.markup.html.form.RadioGroupDisabledTestPage?0-1.-form"><div style="width:0px;height:0px;position:absolute;left:-100px;top:-100px;overflow:hidden"><input type="hidden" name="form1_hf_0" id="form1_hf_0" /></div>
		<span wicket:id="group">
			<input type="radio" wicket:id="radio1" id="radio12" name="group" value="radio0" disabled="disabled">radio1</input>
			<span wicket:id="container">
				<input type="radio" wicket:id="radio2" id="radio23" name="group" value="radio1" checked="checked" disabled="disabled">radio2</input>
			</span>
		</span>
	</form>
</body>
</html>
