<html>
<head>
<link href="../../test"/>
<script type="text/javascript" src="../../javascripturl"></script>
<script type="text/javascript" src="../resource/org.apache.wicket.resource.JQueryResourceReference/jquery/jquery-1.12.3.js"></script>
<script type="text/javascript" src="../resource/org.apache.wicket.ajax.AbstractDefaultAjaxBehavior/res/js/wicket-event-jquery.js"></script>
<script type="text/javascript" src="../resource/org.apache.wicket.ajax.AbstractDefaultAjaxBehavior/res/js/wicket-ajax-jquery.js"></script>
<script type="text/javascript" src="../resource/org.apache.wicket.ajax.AbstractDefaultAjaxBehavior/res/js/wicket-ajax-jquery-debug.js"></script>
<script type="text/javascript" id="wicket-ajax-debug-enable">
/*<![CDATA[*/
Wicket.Ajax.DebugWindow.enabled=true;
/*]]>*/
</script>
<script type="text/javascript" id="wicket-ajax-base-url">
/*<![CDATA[*/
Wicket.Ajax.baseUrl="wicket/bookmarkable/org.apache.wicket.ajax.AjaxHeaderContributionPage?0";
/*]]>*/
</script>
<script type="text/javascript" >
/*<![CDATA[*/
Wicket.Event.add(window, "domready", function(event) { 
domReady();;
Wicket.Ajax.ajax({"u":"./org.apache.wicket.ajax.AjaxHeaderContributionPage?0-1.IBehaviorListener.0-link","c":"link1","e":"click","pd":true});;
Wicket.Event.publish(Wicket.Event.Topic.AJAX_HANDLERS_BOUND);
;});
/*]]>*/
</script>
<script type="text/javascript" >
/*<![CDATA[*/
Wicket.Event.add(window, "load", function(event) { 
onLoad();;
;});
/*]]>*/
</script>
</head><body>
<span wicket:id="test1" id="test12"><wicket:panel>
test
</wicket:panel></span>
<span wicket:id="test2" id="test23"><wicket:panel>
test
</wicket:panel></span>
<span wicket:id="test3" id="test34"><wicket:panel>
test
</wicket:panel></span>
<a href="./org.apache.wicket.ajax.AjaxHeaderContributionPage?0-1.ILinkListener-link" wicket:id="link" id="link1">Test</a>
</body>
</html>