<html>
<head>
<link href="../../test"/>
<script type="text/javascript" src="../../javascripturl"></script>
<script type="text/javascript" src="../resource/org.apache.wicket.resource.JQueryResourceReference/jquery/jquery-1.10.2.js"></script>
<script type="text/javascript" src="../resource/org.apache.wicket.ajax.AbstractDefaultAjaxBehavior/res/js/wicket-event-jquery.js"></script>

<link href="../../test2"/>
<script type="text/javascript" src="../../javascripturlB"></script>
<script type="text/javascript" src="../resource/org.apache.wicket.ajax.AbstractDefaultAjaxBehavior/res/js/wicket-ajax-jquery.js"></script>
<script type="text/javascript" src="../resource/org.apache.wicket.ajax.AbstractDefaultAjaxBehavior/res/js/wicket-ajax-jquery-debug.js"></script>
<script type="text/javascript" id="wicket-ajax-debug-enable">
/*<![CDATA[*/
Wicket.Ajax.DebugWindow.enabled=true;
/*]]>*/
</script>
<script type="text/javascript" id="wicket-ajax-base-url">
/*<![CDATA[*/
Wicket.Ajax.baseUrl="wicket/bookmarkable/org.apache.wicket.ajax.AjaxHeaderContributionPage2?0";
/*]]>*/
</script>
<script type="text/javascript" >
/*<![CDATA[*/
Wicket.Event.add(window, "domready", function(event) { 
domReady();;
domReadyB();;
Wicket.Ajax.ajax({"pd":true,"u":"../page?0-1.IBehaviorListener.0-link","e":"click","c":"link1"});;
;});
/*]]>*/
</script>
<script type="text/javascript" >
/*<![CDATA[*/
Wicket.Event.add(window, "load", function(event) { 
onLoad();;
onLoadB();;
;});
/*]]>*/
</script>
</head><body>
<span wicket:id="test1" id="test12"><wicket:panel>
test
</wicket:panel></span>
<span wicket:id="test2" id="test23"><wicket:panel>
test
</wicket:panel></span>
<span wicket:id="test3" id="test34"><wicket:panel>
test
</wicket:panel></span>
<span wicket:id="btest1" id="btest15"><wicket:panel>
test
</wicket:panel></span>
<span wicket:id="btest2" id="btest26"><wicket:panel>
test
</wicket:panel></span>
<span wicket:id="btest3" id="btest37"><wicket:panel>
test
</wicket:panel></span>
<a href="../page?0-1.ILinkListener-link" wicket:id="link" id="link1">Test</a>
</body>
</html>