<!DOCTYPE html PUBLIC "-//W3C//DTD XHTML 1.0 Transitional//EN" "http://www.w3.org/TR/xhtml1/DTD/xhtml1-transitional.dtd">
<html xmlns="http://www.w3.org/1999/xhtml">
<head><script type="text/javascript" src="../resource/org.apache.wicket.resource.JQueryResourceReference/jquery/jquery-1.10.2.js"></script>
<script type="text/javascript" src="../resource/org.apache.wicket.ajax.AbstractDefaultAjaxBehavior/res/js/wicket-event-jquery.js"></script>
<script type="text/javascript" src="../resource/org.apache.wicket.ajax.AbstractDefaultAjaxBehavior/res/js/wicket-ajax-jquery.js"></script>
<script type="text/javascript" src="../resource/org.apache.wicket.ajax.AbstractDefaultAjaxBehavior/res/js/wicket-ajax-jquery-debug.js"></script>
<script type="text/javascript" id="wicket-ajax-debug-enable">
/*<![CDATA[*/
Wicket.Ajax.DebugWindow.enabled=true;
/*]]>*/
</script>
<script type="text/javascript" id="wicket-ajax-base-url">
/*<![CDATA[*/
Wicket.Ajax.baseUrl="wicket/bookmarkable/org.apache.wicket.ajax.AjaxBehaviorEnabledPage?0";
/*]]>*/
</script>

<meta http-equiv="Content-Type" content="text/html; charset=UTF-8" />
<title>Insert title here</title>
<script type="text/javascript" >
/*<![CDATA[*/
Wicket.Event.add(window, "domready", function(event) { 
Wicket.Ajax.ajax({"u":"../page?0-1.IBehaviorListener.0-enabled","e":"click","c":"enabled1"});;
;});
/*]]>*/
</script>
</head>
<body>
	<span wicket:id="enabled" id="enabled1">this label is ajax enabled</span>
	<span wicket:id="disabled" id="disabled2">this label is not ajax enabled</span>
</body>
</html>