<?xml version="1.0" encoding="UTF-8"?><ajax-response><component id="test12" ><![CDATA[<span wicket:id="test1" id="test12"><wicket:panel>
test
</wicket:panel></span>]]></component><component id="test23" ><![CDATA[<span wicket:id="test2" id="test23"><wicket:panel>
test
</wicket:panel></span>]]></component><component id="test34" ><![CDATA[<span wicket:id="test3" id="test34"><wicket:panel>
test
</wicket:panel></span>]]></component><header-contribution><![CDATA[<head xmlns:wicket="http://wicket.apache.org">
<link href="../test"/>
<script type="text/javascript" src="../javascripturl"></script>
<script type="text/javascript" src="./resource/org.apache.wicket.resource.JQueryResourceReference/jquery/jquery.js"></script>
<script type="text/javascript" src="./resource/org.apache.wicket.ajax.AbstractDefaultAjaxBehavior/res/js/wicket-event-jquery.js"></script>
</head>]]></header-contribution><priority-evaluate><![CDATA[(function(){prepend();})();]]></priority-evaluate><evaluate><![CDATA[(function(){domReady();})();(function(){append();})();(function(){onLoad();})();]]></evaluate></ajax-response>