<?xml version="1.0" encoding="UTF-8"?><ajax-response><component id="test1" ><![CDATA[<a href="./page?0-1.ILinkListener-test" wicket:id="test" id="test1">Test</a>]]></component><header-contribution encoding="wicket1" ><![CDATA[<head xmlns:wicket="http://wicket.apache.org"><script type="text/javascript" src="./resource/org.apache.wicket.resource.JQueryResourceReference/jquery/jquery-1.10.2.js"></script>
<script type="text/javascript" src="./resource/org.apache.wicket.ajax.AbstractDefaultAjaxBehavior/res/js/wicket-event-jquery.js"></script>
<script type="text/javascript" src="./resource/org.apache.wicket.ajax.AbstractDefaultAjaxBehavior/res/js/wicket-ajax-jquery.js"></script>
<script type="text/javascript" src="./resource/org.apache.wicket.ajax.AbstractDefaultAjaxBehavior/res/js/wicket-ajax-jquery-debug.js"></script>
<script type="text/javascript" id="wicket-ajax-debug-enable">
/*<![CDATA[*/
Wicket.Ajax.DebugWindow.enabled=true;
/*]^]^>*/
</script>
<script type="text/javascript" id="wicket-ajax-base-url">
/*<![CDATA[*/
Wicket.Ajax.baseUrl="wicket/page?0-1.IBehaviorListener.0-test";
/*]^]^>*/
</script>
</head>]]></header-contribution><evaluate><![CDATA[(function(){Wicket.Ajax.ajax({"pd":true,"u":"./page?0-1.IBehaviorListener.0-test","e":"click","c":"test1"});})();(function(){test1();})();(function(){test2();})();]]></evaluate></ajax-response>