<html>
<head><script type="text/javascript" src="../resource/org.apache.wicket.resource.JQueryResourceReference/jquery/jquery-1.10.2.js"></script>
<script type="text/javascript" src="../resource/org.apache.wicket.ajax.AbstractDefaultAjaxBehavior/res/js/wicket-event-jquery.js"></script>
<script type="text/javascript" src="../resource/org.apache.wicket.ajax.AbstractDefaultAjaxBehavior/res/js/wicket-ajax-jquery.js"></script>
<script type="text/javascript" src="../resource/org.apache.wicket.ajax.AbstractDefaultAjaxBehavior/res/js/wicket-ajax-jquery-debug.js"></script>
<script type="text/javascript" id="wicket-ajax-debug-enable">
/*<![CDATA[*/
Wicket.Ajax.DebugWindow.enabled=true;
/*]]>*/
</script>
<script type="text/javascript" id="wicket-ajax-base-url">
/*<![CDATA[*/
Wicket.Ajax.baseUrl="wicket/bookmarkable/org.apache.wicket.ajax.DomReadyOrderPage?0";
/*]]>*/
</script>
<script type="text/javascript" >
/*<![CDATA[*/
Wicket.Event.add(window, "domready", function(event) { 
Wicket.Ajax.ajax({"pd":true,"u":"../page?0-1.IBehaviorListener.0-test","e":"click","c":"test1"});;
test1();;
test2();;
;});
/*]]>*/
</script>
</head><body>
<a href="../page?0-1.ILinkListener-test" wicket:id="test" id="test1">Test</a>
</body>
</html>