<html xmlns:wicket>
<head><script type="text/javascript" src="../resource/org.apache.wicket.extensions.markup.html.repeater.data.table.filter.FilterForm/wicket-filterform.js"></script>
<script type="text/javascript" src="../resource/org.apache.wicket.resource.JQueryResourceReference/jquery/jquery-3.6.0.js"></script>
<script type="text/javascript" src="../resource/org.apache.wicket.ajax.AbstractDefaultAjaxBehavior/res/js/wicket-ajax-jquery.js"></script>
<script type="text/javascript">
/*<![CDATA[*/
Wicket.Event.add(window, "load", function(event) { 
Wicket.FilterForm.restore('form1focus');;
;});
/*]]>*/
</script>
</head><body>
  <form wicket:id="form" id="form1" method="post" action="./org.apache.wicket.extensions.markup.html.repeater.data.table.filter.FilterFormTestPage?0-1.-form"><div id="form1_hf_0" hidden="" class="hidden-fields"></div><div hidden='' class='hidden-fields'><input type='hidden' name='form1focus' id='form1focus' value=''/><input type='submit'/></div></form>
</body>
</html>
